// Jest Snapshot v1, https://goo.gl/fbAQLP

exports[`Check the home page 1`] = `
<div>
  <div>
    Dashboard
  </div>
</div>
`;
